src/controllers/reportController.ts(3,120): error TS2307: Cannot find module 'date-fns' or its corresponding type declarations.
